[11:29:22] [ServerMain/INFO]: [bootstrap] Running Java 21 (OpenJDK 64-Bit Server VM 21.0.12+8-LTS; Amazon.com Inc. Corretto-21.0.12.8.1) on Windows 11 10.0 (amd64)
[11:29:22] [ServerMain/INFO]: [bootstrap] Loading Paper 1.21.11-132-ver/1.21.11@c5eb079 (2026-05-11T11:43:09Z) for Minecraft 1.21.11
[11:29:23] [ServerMain/INFO]: [PluginInitializerManager] Initializing plugins...
[11:29:23] [Paper Plugin Remapper Thread - 2/INFO]: [PluginRemapper] Remapping plugin 'C:\Users\tyron\IdeaProjects\PotPlugin\build\libs\PotPlugin-1.0-SNAPSHOT.jar'...
[11:29:24] [Paper Plugin Remapper Thread - 2/INFO]: [PluginRemapper] Done remapping plugin 'C:\Users\tyron\IdeaProjects\PotPlugin\build\libs\PotPlugin-1.0-SNAPSHOT.jar' in 446ms.
[11:29:24] [ServerMain/INFO]: [PluginInitializerManager] Initialized 1 plugin
[11:29:24] [ServerMain/INFO]: [PluginInitializerManager] Bukkit plugins (1):
 - PotPlugin (1.0-SNAPSHOT)
[11:29:30] [ServerMain/INFO]: Environment: Environment[sessionHost=https://sessionserver.mojang.com, servicesHost=https://api.minecraftservices.com, profilesHost=https://api.mojang.com, name=PROD]
[11:29:30] [ServerMain/INFO]: Found new data pack file/bukkit, loading it automatically
[11:29:30] [ServerMain/INFO]: Found new data pack paper, loading it automatically
[11:29:31] [ServerMain/INFO]: No existing world data, creating new world
[11:29:32] [ServerMain/INFO]: Loaded 1470 recipes
[11:29:32] [ServerMain/INFO]: Loaded 1584 advancements
[11:29:32] [ServerMain/INFO]: [ca.spottedleaf.dataconverter.minecraft.datatypes.MCTypeRegistry] Initialising converters for DataConverter...
[11:29:32] [ServerMain/INFO]: [ca.spottedleaf.dataconverter.minecraft.datatypes.MCTypeRegistry] Finished initialising converters for DataConverter in 379.3ms
[11:29:32] [Server thread/INFO]: Starting minecraft server version 1.21.11
[11:29:32] [Server thread/INFO]: Loading properties
[11:29:32] [Server thread/INFO]: This server is running Paper version 1.21.11-132-ver/1.21.11@c5eb079 (2026-05-11T11:43:09Z) (Implementing API version 1.21.11-R0.1-SNAPSHOT)
[11:29:32] [Server thread/INFO]: [spark] This server bundles the spark profiler. For more information please visit https://docs.papermc.io/paper/profiling
[11:29:32] [Server thread/INFO]: Server Ping Player Sample Count: 12
[11:29:32] [Server thread/INFO]: Using 4 threads for Netty based IO
[11:29:33] [Server thread/INFO]: [MoonriseCommon] Paper is using 3 worker threads, 1 I/O threads
[11:29:34] [Server thread/INFO]: Default game type: SURVIVAL
[11:29:34] [Server thread/INFO]: Generating keypair
[11:29:34] [Server thread/INFO]: Starting Minecraft server on *:25565
[11:29:34] [Server thread/INFO]: Paper: Using Java compression from Velocity.
[11:29:34] [Server thread/INFO]: Paper: Using Java cipher from Velocity.
[11:29:34] [Server thread/INFO]: [PotPlugin] Loading server plugin PotPlugin v1.0-SNAPSHOT
[11:29:34] [Server thread/INFO]: Server permissions file permissions.yml is empty, ignoring it
[11:29:34] [Server thread/INFO]: Preparing level "world"
[11:29:34] [Server thread/INFO]: Selecting spawn point for world 'minecraft:overworld'...
[11:29:37] [Server thread/INFO]: Selecting spawn point for world 'minecraft:the_nether'...
[11:29:37] [Server thread/INFO]: Selecting spawn point for world 'minecraft:the_end'...
[11:29:37] [Server thread/INFO]: Loading 0 persistent chunks for world 'minecraft:overworld'...
[11:29:37] [Server thread/INFO]: Preparing spawn area: 100%
[11:29:37] [Server thread/INFO]: Prepared spawn area in 2741 ms
[11:29:37] [Server thread/INFO]: Loading 0 persistent chunks for world 'minecraft:the_nether'...
[11:29:37] [Server thread/INFO]: Preparing spawn area: 100%
[11:29:37] [Server thread/INFO]: Prepared spawn area in 104 ms
[11:29:37] [Server thread/INFO]: Loading 0 persistent chunks for world 'minecraft:the_end'...
[11:29:37] [Server thread/INFO]: Preparing spawn area: 100%
[11:29:37] [Server thread/INFO]: Prepared spawn area in 28 ms
[11:29:37] [Server thread/INFO]: Done preparing level "world" (3.164s)
[11:29:37] [Server thread/INFO]: [PotPlugin] Enabling PotPlugin v1.0-SNAPSHOT
[11:29:37] [Server thread/INFO]: [PotPlugin] Registered 6 custom brewing recipe(s).
[11:29:37] [Server thread/INFO]: [spark] Starting background profiler...
[11:29:37] [Server thread/INFO]: [spark] The async-profiler engine is not supported for your os/arch (windows11/amd64), so the built-in Java engine will be used instead.
[11:29:37] [Server thread/INFO]: Running delayed init tasks
[11:29:37] [Server thread/INFO]: Done (15.992s)! For help, type "help"
[11:29:38] [Paper Async Task Handler Thread - 1/WARN]: *************************************************************************************
[11:29:38] [Paper Async Task Handler Thread - 1/WARN]: You are running the latest build for your Minecraft version (1.21.11)
[11:29:38] [Paper Async Task Handler Thread - 1/WARN]: However, you are 4 release(s) behind the latest stable release (26.2)!
[11:29:38] [Paper Async Task Handler Thread - 1/WARN]: It is recommended that you update as soon as possible
[11:29:38] [Paper Async Task Handler Thread - 1/WARN]: https://papermc.io/downloads/paper
[11:29:38] [Paper Async Task Handler Thread - 1/WARN]: *************************************************************************************
[11:30:18] [User Authenticator #0/INFO]: UUID of player PumpkinDev is 48cdc30f-7fb1-41ac-b19f-89596825b64d
[11:30:20] [Server thread/INFO]: PumpkinDev joined the game
[11:30:20] [Server thread/INFO]: PumpkinDev[/127.0.0.1:55143] logged in with entity id 32 at ([world]-2.5, 71.0, 13.5)
[11:30:25] [Server thread/INFO]: PumpkinDev issued server command: /pl
[11:30:28] [Server thread/INFO]: Made PumpkinDev a server operator
[11:30:30] [Server thread/INFO]: PumpkinDev issued server command: /gamemode creative
[11:30:30] [Server thread/INFO]: [PumpkinDev: Set own game mode to Creative Mode]
[11:33:20] [Server thread/INFO]: PumpkinDev has made the advancement [Local Brewery]
[11:35:50] [Server thread/INFO]: PumpkinDev lost connection: Disconnected
[11:35:50] [Server thread/INFO]: PumpkinDev left the game
